// Jest Snapshot v1, https://goo.gl/fbAQLP

exports[`Title should render the Title Component correctly 1`] = `
<styled.h1
  size="ivlo"
>
  Test Title
</styled.h1>
`;
